src/components/section/projects-section.tsx(37,42): error TS2339: Property 'title' does not exist on type 'never'.
src/components/section/projects-section.tsx(42,47): error TS2339: Property 'href' does not exist on type 'never'.
src/components/section/projects-section.tsx(43,46): error TS2339: Property 'title' does not exist on type 'never'.
src/components/section/projects-section.tsx(44,48): error TS2339: Property 'title' does not exist on type 'never'.
src/components/section/projects-section.tsx(45,54): error TS2339: Property 'description' does not exist on type 'never'.
src/components/section/projects-section.tsx(46,48): error TS2339: Property 'dates' does not exist on type 'never'.
src/components/section/projects-section.tsx(47,47): error TS2339: Property 'technologies' does not exist on type 'never'.
src/components/section/projects-section.tsx(48,48): error TS2339: Property 'image' does not exist on type 'never'.
src/components/section/projects-section.tsx(49,48): error TS2339: Property 'video' does not exist on type 'never'.
src/components/section/projects-section.tsx(50,48): error TS2339: Property 'links' does not exist on type 'never'.
src/components/section/work-section.tsx(38,21): error TS2339: Property 'company' does not exist on type 'never'.
src/components/section/work-section.tsx(39,23): error TS2339: Property 'company' does not exist on type 'never'.
src/components/section/work-section.tsx(45,38): error TS2339: Property 'logoUrl' does not exist on type 'never'.
src/components/section/work-section.tsx(45,57): error TS2339: Property 'company' does not exist on type 'never'.
src/components/section/work-section.tsx(48,27): error TS2339: Property 'company' does not exist on type 'never'.
src/components/section/work-section.tsx(68,27): error TS2339: Property 'title' does not exist on type 'never'.
src/components/section/work-section.tsx(74,25): error TS2339: Property 'start' does not exist on type 'never'.
src/components/section/work-section.tsx(74,40): error TS2339: Property 'end' does not exist on type 'never'.
src/components/section/work-section.tsx(80,19): error TS2339: Property 'description' does not exist on type 'never'.
